[2026-04-09T07:11:49Z] === ENRICH ITERATION 2 START | repo=apache/jena sha=1b767c88 ===
[2026-04-09T07:11:49Z] [iter=2] PHASE START: enrich repo=apache/jena sha=1b767c88 runlog=/home/runner/work/forx/forx/storage/aggregate/lsp/logs/1b767c88-enrich-iter-002.log output=/home/runner/work/forx/forx/storage/aggregate/lsp/1b767c8830220f55dcd760e94c0dadf597b6eea4.nq.gz
[2026-04-09T07:12:20Z] [iter=2] Step 1: Loading AST into disk-backed store mem_mb=78 MB
[2026-04-09T07:19:33Z] [iter=2] AST store loaded triples=33714940 load_secs=419 mem_mb=1204 MB
[2026-04-09T07:19:33Z] [iter=2] Step 2: Finding LSP targets mem_mb=1204 MB
[2026-04-09T07:22:24Z] [iter=2] LSP targets found call_sites=295338 imports=48989 extends=3245 implements=36 secs=171
[2026-04-09T07:22:30Z] [iter=2] Loaded checkpoint partial graph triples=151826
[2026-04-09T07:25:07Z] [iter=2] Step 2.7: Building position index (one-shot, shared across resolvers) mem_mb=1204 MB
[2026-04-09T07:28:41Z] [iter=2] Position index built positions=2236835 nodes_with_types=2904460 secs=214 mem_mb=5528 MB
[2026-04-09T07:28:41Z] [iter=2] Step 3: Starting LSP resolution mem_mb=5528 MB already_completed_types=[] already_completed_files=4
[2026-04-09T07:28:41Z] [iter=2] Resolving target type target_type=call_site count=295338
[2026-04-09T07:29:05Z] [iter=2] HEARTBEAT target_type=call_site elapsed_min=17.3 files_done=0 resolved=0 errors=0 current=jena-querybuilder/src/test/java/org/apache/jena/arq/querybuilder/ConvertersTest.java
[2026-04-09T08:36:33Z] [iter=2] HEARTBEAT target_type=call_site elapsed_min=84.7 files_done=1 resolved=24 errors=280 current=jena-rdfpatch/src/main/java/org/apache/jena/rdfpatch/text/RDFPatchReaderText.java
[2026-04-09T09:05:49Z] [iter=2] HEARTBEAT target_type=call_site elapsed_min=114.0 files_done=2 resolved=28 errors=402 current=jena-serviceenhancer/src/main/java/org/apache/jena/sparql/service/enhancer/example/ServiceCachingExamples.java
[2026-04-09T09:26:21Z] [iter=2] HEARTBEAT target_type=call_site elapsed_min=134.5 files_done=3 resolved=39 errors=488 current=jena-arq/src/test/java/org/apache/jena/sparql/engine/binding/TestBinding.java
[2026-04-09T10:11:31Z] [iter=2] HEARTBEAT target_type=call_site elapsed_min=179.7 files_done=4 resolved=120 errors=677 current=jena-arq/src/main/java/org/apache/jena/sparql/algebra/OpAsQuery.java
[2026-04-09T11:13:48Z] [iter=2] CHECKPOINT TRIGGERED elapsed_min=242.0 files_completed=8 new_files_this_iter=4 mem_mb=5593 MB
[2026-04-09T11:13:48Z] [iter=2] Writing partial enrichment graph path=/home/runner/work/forx/forx/storage/aggregate/lsp/1b767c8830220f55dcd760e94c0dadf597b6eea4.nq.gz triples=155940
[2026-04-09T11:13:51Z] [iter=2] Checkpoint written, exiting with code 7
[2026-04-09T11:13:51Z] [iter=2] PHASE END: enrich (checkpointed) elapsed_s=14518 elapsed_min=242.0 files_completed=8
