[2026-09-22T12:22:10Z] === ENRICH ITERATION 3 START | repo=apache/jena sha=1b767c88 ===
[2026-09-22T12:22:10Z] [iter=3] PHASE START: enrich repo=apache/jena sha=1b767c88 runlog=/home/runner/work/forx/forx/storage/aggregate/lsp/logs/1b767c88-enrich-iter-003.log output=/home/runner/work/forx/forx/storage/aggregate/lsp/1b767c8830220f55dcd760e94c0dadf597b6eea4.nq.gz
[2026-09-22T12:23:11Z] [iter=3] Step 1: Loading AST into disk-backed store mem_mb=80 MB
[2026-09-22T12:30:28Z] [iter=3] AST store loaded triples=33714940 load_secs=423 mem_mb=1212 MB
[2026-09-22T12:30:28Z] [iter=3] Step 2: Finding LSP targets mem_mb=1212 MB
[2026-09-22T12:33:21Z] [iter=3] LSP targets found call_sites=295338 imports=48989 extends=3245 implements=36 secs=174
[2026-09-22T12:33:28Z] [iter=3] Loaded checkpoint partial graph triples=155940
[2026-09-22T12:36:11Z] [iter=3] Step 2.7: Building position index (one-shot, shared across resolvers) mem_mb=1212 MB
[2026-09-22T12:39:45Z] [iter=3] Position index built positions=2236835 nodes_with_types=2904460 secs=214 mem_mb=5535 MB
[2026-09-22T12:39:45Z] [iter=3] Step 3: Starting LSP resolution mem_mb=5535 MB already_completed_types=[] already_completed_files=8
[2026-09-22T12:39:45Z] [iter=3] Resolving target type target_type=call_site count=295338
[2026-09-22T12:40:26Z] [iter=3] HEARTBEAT target_type=call_site elapsed_min=18.3 files_done=0 resolved=0 errors=0 current=jena-arq/src/main/java/org/apache/jena/sparql/algebra/OpAsQuery.java
[2026-09-22T14:07:47Z] [iter=3] HEARTBEAT target_type=call_site elapsed_min=105.6 files_done=1 resolved=5 errors=359 current=jena-fuseki2/jena-fuseki-core/src/main/java/org/apache/jena/fuseki/servlets/GSP_RW.java
[2026-09-22T14:35:33Z] [iter=3] HEARTBEAT target_type=call_site elapsed_min=133.4 files_done=2 resolved=7 errors=474 current=jena-core/src/test/java/org/apache/jena/enhanced/test/TS3_enh.java
[2026-09-22T15:03:03Z] [iter=3] HEARTBEAT target_type=call_site elapsed_min=160.9 files_done=3 resolved=36 errors=588 current=jena-tdb1/src/main/java/org/apache/jena/tdb1/base/block/BlockMgrCache.java
[2026-09-22T15:22:23Z] [iter=3] HEARTBEAT target_type=call_site elapsed_min=180.2 files_done=4 resolved=38 errors=668 current=jena-arq/src/main/java/org/apache/jena/riot/thrift/TRDF.java
[2026-09-22T15:28:40Z] [iter=3] HEARTBEAT target_type=call_site elapsed_min=186.5 files_done=5 resolved=38 errors=694 current=jena-core/src/test/java/org/apache/jena/ontology/impl/TestProperty.java
[2026-09-22T16:23:07Z] [iter=3] CHECKPOINT TRIGGERED elapsed_min=241.0 files_completed=13 new_files_this_iter=5 mem_mb=5619 MB
[2026-09-22T16:23:07Z] [iter=3] Writing partial enrichment graph path=/home/runner/work/forx/forx/storage/aggregate/lsp/1b767c8830220f55dcd760e94c0dadf597b6eea4.nq.gz triples=160352
[2026-09-22T16:23:09Z] [iter=3] Checkpoint written, exiting with code 7
[2026-09-22T16:23:09Z] [iter=3] PHASE END: enrich (checkpointed) elapsed_s=14458 elapsed_min=241.0 files_completed=13
